----------------------------------------------------------------
-Pin Report - Date: Mon Mar  2 16:18:40 2026 Pinchecksum: NOT-AVAILABLE
-Product: Designer
-Release: 2025.1
-Version: 2025.1.0.14
-Design Name: led_blinker
-Family: PolarFireSoC
-Die: MPFS095T
-Package: FCSG325
-----------------------------------------------------------------

Port      |Pin  |Fixed |Function                                              |Bank     |I/O Std   |Direction    |Used I/O Reg       |User I/O Lock Down |Clamp Diode   |Resistor Pull                     |Use I/O Calibration from the lane |Schmitt Trigger |Vcm Input Range    |On Die Termination |Odt Value (Ohm) |Input Delay |Slew              |Output Drive (mA) |Impedance (ohm)  |Output Load (pF)         |Source Termination (Ohm) |Output Delay |
----------|-----|------|------------------------------------------------------|---------|----------|-------------|-------------------|-------------------|--------------|----------------------------------|----------------------------------|----------------|-------------------|-------------------|----------------|------------|------------------|------------------|-----------------|-------------------------|-------------------------|-------------|
clk_i      R18   Yes    HSIO56PB0/CLKIN_N_8/CCC_NE_CLKIN_N_8/CCC_NE_PLL1_OUT0  Bank0     LVCMOS18   Input         None                No                  ON             Up                                 No                                 OFF              ---                 OFF                 120              OFF          ---                ---                ---               ---                       ---                       ---           
led_o[0]   T18   Yes    HSIO54PB0/CLKIN_N_9/CCC_NE_CLKIN_N_9                   Bank0     LVCMOS18   Output        None                No                  ON             None                               No                                 ---              ---                 ---                 120              ---          OFF                8                  ---               5                         ---                       OFF           
led_o[1]   V17   Yes    HSIO77NB0                                              Bank0     LVCMOS18   Output        None                No                  ON             None                               No                                 ---              ---                 ---                 120              ---          OFF                8                  ---               5                         ---                       OFF           
led_o[2]   U20   Yes    HSIO48NB0                                              Bank0     LVCMOS18   Output        None                No                  ON             None                               No                                 ---              ---                 ---                 120              ---          OFF                8                  ---               5                         ---                       OFF           
led_o[3]   U21   Yes    HSIO48PB0/CCC_NE_CLKIN_N_11                            Bank0     LVCMOS18   Output        None                No                  ON             None                               No                                 ---              ---                 ---                 120              ---          OFF                8                  ---               5                         ---                       OFF           
led_o[4]   AA18  Yes    HSIO69NB0/DQS                                          Bank0     LVCMOS18   Output        None                No                  ON             None                               No                                 ---              ---                 ---                 120              ---          OFF                8                  ---               5                         ---                       OFF           
led_o[5]   V16   Yes    HSIO77PB0/CCC_NW_CLKIN_N_0                             Bank0     LVCMOS18   Output        None                No                  ON             None                               No                                 ---              ---                 ---                 120              ---          OFF                8                  ---               5                         ---                       OFF           
led_o[6]   U15   Yes    HSIO75NB0/DQS                                          Bank0     LVCMOS18   Output        None                No                  ON             None                               No                                 ---              ---                 ---                 120              ---          OFF                8                  ---               5                         ---                       OFF           
led_o[7]   E10   Yes    GPIO120PB1/CCC_SW_CLKIN_S_0                            Bank1     LVCMOS18   Output        None                No                  ON             None                               No                                 ---              ---                 ---                 120              ---          OFF                8                  ---               5                         ---                       OFF           
reset_n_i  T19   Yes    HSIO54NB0                                              Bank0     LVCMOS18   Input         None                No                  ON             Up                                 No                                 OFF              ---                 OFF                 120              OFF          ---                ---                ---               ---                       ---                       ---           
uart_rx_o  E14   Yes    GPIO126NB1                                             Bank1     LVCMOS18   Input         None                No                  ON             Up                                 No                                 OFF              ---                 OFF                 120              OFF          ---                ---                ---               ---                       ---                       ---           
uart_tx_o  E15   Yes    GPIO126PB1                                             Bank1     LVCMOS18   Output        None                No                  ON             None                               No                                 ---              ---                 ---                 120              ---          OFF                8                  ---               5                         ---                       OFF           
